00000000  d1 3c 3b 9b 47 94 89 52  90 b0 f1 a9 f7 c7 d8 6f  |.<;.G..R.......o|
00000010  
