00000000  4f a0                                             |O.              |
