00000000  27 5c                                             |'\              |
