00000000  77 a0                                             |w.              |
