00000000  ba 09                                             |..              |
