00000000  c3 0f d4 81 b8 02 c0 88  93 89 bf ff 92 67 cc a2  |.............g..|
00000010  
