00000000  80                                                |.               |
