00000000  eb d6 25 f8 21 d6 a5 3d  cb 06 3d fe f2 3a b0 a5  |..%.!..=..=..:..|
00000010  de 9a 4b cc fb 3a f1 b1  4a                       |..K..:..J       |
