00000000  0d b7 5b ed                                       |..[.            |
