00000000  8f 1f bb a8 80                                    |.....           |
