00000000  a7 64 a0 cd 00                                    |.d...           |
