00000000  68 7d c3 25 2d b3 80                              |h}.%-..         |
