00000000  3f de 0b 20 f3 9f                                 |?.. ..          |
