00000000  4c ea de d4 3a e4                                 |L...:.          |
