00000000  be 50 66 8c a3 d7 8e e3  80                       |.Pf......       |
