00000000  e0                                                |.               |
