00000000  a3 28 db b6 d5 7f fe 43  40                       |.(.....C@       |
