00000000  02 6b 77 6f f6 f0 4d c8                           |.kwo..M.        |
