00000000  fd 99 44 37 d6 b2 9e 14                           |..D7....        |
