00000000  65 fd ed ab 1e f9 bb b6  40                       |e.......@       |
