00000000  6c                                                |l               |
