00000000  59                                                |Y               |
