00000000  33 00                                             |3.              |
