
Landmark reached:
ROOT
Test.four
Test.main
Test.main
Test.seven
Test.unit
