Fatal error: exception (Failure "Mutually-recursive groups of size > 2 supported")
