Fatal error: exception (Failure "Can't support mutually-recursive types with type parameters")
