File "unsupported_tuple_size.ml", line 1, characters 0-52:
Error: ppx_repr: tuple types must have 2 or 3 components. Found 4.
