File "unsupported_type_extension.ml", line 1, characters 9-15:
Error: ppx_repr: unprocessed extension [%typ ] encountered.
