Starting 100 threads ...

Landmark reached:
ROOT
Test.hello
Test.main
