
Landmark reached:
ROOT
Test.test1
Test.test2
Test.test3
